[haminhquangaming.wixsite.com/mysite.html]
[static.parastorage.com/unpkg/core-js-bundle@3.2.1/minified.js]
[static.parastorage.com/unpkg/focus-within-polyfill@5.0.9/dist/focus-within-polyfill.js]
[backblue.gif]
[fade.gif]
[index.html]
[polyfill-fastly.io/v3/polyfill.mind82c.js]
[haminhquangaming.wixsite.com/c.4.delayed]
[haminhquangaming.wixsite.com/t.5.delayed]
[haminhquangaming.wixsite.com/index.html]
[haminhquangaming.wixsite.com/mysite/blog-feed.xml]
[static.wixstatic.com/media/472571_eac7f3115a8c4c5d91bf0d5a6a589a4c_mv2.jpg/v1/fill/w_70,h_40,al_c,q_80,usm_0.66_1.00_0.01,blur_2,enc_auto/472571_eac7f3115a8c4c5d91bf0d5a6a589a4c_mv2.jpg]
[static.wixstatic.com/media/472571_daa5236aa62a46b1b1a001a5b034d84a_mv2.jpg/v1/fill/w_70,h_99,al_c,q_80,usm_0.66_1.00_0.01,blur_2,enc_auto/472571_daa5236aa62a46b1b1a001a5b034d84a_mv2.jpg]
[static.wixstatic.com/media/472571_93b082136c34492194e87e57449b7a93_mv2.jpg/v1/fill/w_70,h_90,al_c,q_80,usm_0.66_1.00_0.01,blur_2,enc_auto/472571_93b082136c34492194e87e57449b7a93_mv2.jpg]
[static.wixstatic.com/media/472571_e58c6e3f22464cf39c8a6c87d77a4c50_mv2.jpg/v1/fill/w_70,h_99,al_c,q_80,usm_0.66_1.00_0.01,blur_2,enc_auto/472571_e58c6e3f22464cf39c8a6c87d77a4c50_mv2.jpg]
[static.wixstatic.com/media/472571_4692307d0ded4f928d8451c63bc1cd9a_mv2.jpg/v1/fill/w_70,h_67,al_c,q_80,usm_0.66_1.00_0.01,blur_2,enc_auto/472571_4692307d0ded4f928d8451c63bc1cd9a_mv2.jpg]
[browser.sentry-cdn.com/6.18.2/bundle.min.js]
[haminhquangaming.wixsite.com/sitemap.d.delayed]
[haminhquangaming.wixsite.com/feed.e.delayed]
[haminhquangaming.wixsite.com/${i.f.delayed]
[static.parastorage.com/services/wix-thunderbolt/dist/thunderbolt-commons.b70ee867.bundle.min.js]
[static.parastorage.com/services/wix-thunderbolt/dist/main.317ed945.bundle.min.js]
[static.parastorage.com/services/wix-thunderbolt/dist/main.renderer.1d21f023.bundle.min.js]
[static.parastorage.com/unpkg/lodash@4.17.21/lodash.min.js]
[static.parastorage.com/unpkg/react@18.3.1/umd/react.production.min.js]
[static.parastorage.com/unpkg/react-dom@18.3.1/umd/react-dom.production.min.js]
[haminhquangaming.wixsite.com/decodeURIComponent(e.16.delayed]
[static.parastorage.com/services/tag-manager-client/1.875.0/siteTags.bundle.min.js]
[haminhquangaming.wixsite.com/mysite.html]
[haminhquangaming.wixsite.com/c.html]
[haminhquangaming.wixsite.com/t.html]
[haminhquangaming.wixsite.com/index.html]
[haminhquangaming.wixsite.com/sitemap.html]
[haminhquangaming.wixsite.com/feed.html]
[haminhquangaming.wixsite.com/${i.html]
[haminhquangaming.wixsite.com/decodeURIComponent(e.html]
